// Jest Snapshot v1, https://goo.gl/fbAQLP

exports[`Pruebas en el componente debe mostrarse correctamente 1`] = `
<form
  className="form-group"
  onSubmit={[Function]}
>
  <input
    className="form-control"
    onChange={[Function]}
    type="text"
    value=""
  />
  <button
    className="btn btn-primary"
  >
    Search
  </button>
</form>
`;
